set cut_paste_input [stack 0]
push $cut_paste_input
Group {
 name bm_MatteCheck
 help "A simple tool designed to ... checkerboard."
 knobChanged "n = nuke.thisNode()\nk = nuke.thisKnob()\n\nif k.name() in ('Type', 'showPanel'):\n    Type = n\['Type'].value()\n    if Type == 'Colour Overlay':\n\n        n\['overlayColour'].setVisible(True)\n   ...   n\['greyAmt'].setVisible(True)\n        n\['chkSize'].setVisible(False)\n        n\['chkContrast'].setVisible(False)\n\n    elif Type == 'Checkerboard':\n\n        n\['overlayColour'].setVisible(False)\n        n\['overlayMix'].setVisible(False)\n        n\['greyAmt'].setVisible(False)\n        n\['chkSize'].setVisible(True)\n        n\['chkContrast'].setVisible(True)"
 tile_color 0x232323ff
 note_font Verdana
 selected true
 xpos -379
 ypos 200
 mapsize {0.15 0.15}
 addUserKnob {20 Options}
 addUserKnob {26 ""}
 addUserKnob {4 Type t "Choose between ... background." M {"Colour Overlay" "Grey Background" Checkerboard "" "" "" "" "" "" "" ""}}
 addUserKnob {26 ""}
 addUserKnob {18 overlayColour l "Overlay Colour"}
 overlayColour {1 0 0}
 addUserKnob {6 overlayColour_panelDropped l "panel dropped state" -STARTLINE +HIDDEN}
 addUserKnob {6 overlayColour_panelDropped_1 l "panel dropped state" -STARTLINE +HIDDEN}
 addUserKnob {7 overlayMix l "Overlay Mix"}
 overlayMix 0.5
 addUserKnob {7 greyAmt l "Grey Value" t "Brightness of the grey backdrop." +HIDDEN}
 greyAmt 0.18
 addUserKnob {7 chkSize l Size +HIDDEN R 0 64}
 chkSize 17
 addUserKnob {7 chkContrast l Contrast +HIDDEN}
 chkContrast 0.27
 addUserKnob {26 ""}
 addUserKnob {26 version_info l "" +STARTLINE T "<font color='#777'><b>bm_MatteCheck v2.0</b></font><font color='#555'> created by </font><b><a href=\"https://github.com/BenMcEwan/nuke_public\" style=\"color:#777;\">Ben McEwan</a></b>.<br>\n<font color='#555'><b>Last updated:</b> 23rd January, 2018.</font>"}
}
Input {
  inputs 0
  name matte
  xpos -97
  ypos -413
  number 1
 }
Keymix {
  inputs 3
  name Keymix3
  xpos 279
  ypos -395
 }
push $N836a7c00
Constant {
  inputs 0
  color {{greyAmt} {greyAmt} {greyAmt} {curve}}
  name Constant2
  xpos 177
  ypos -404
 }
push $N836a6800
Keymix {
  inputs 3
  name Keymix2
  xpos 76
  ypos -387
 }
push $N8370c800
Constant {
  inputs 0
  color {{overlayColour.r} {overlayColour.g} {overlayColour.b} {curve}}
  name Constant1
  xpos -343
  ypos -346
 }
push $N836a6c00
Dot {
  name Dot1
  xpos -172
  ypos -492
 }
Keymix {
  inputs 3
  mix {{overlayMix}}
  name Keymix1
  xpos -206
  ypos -329
 }
Output {
  name Output1
  selected true
  xpos -206
  ypos -80
 }
end_group
